D:\casper10_1\projects\radix4\r4_iadc_spec\XPS_ROACH_base\implementation\system.ngc 1285896583
D:/casper10_1/projects/radix4/r4_iadc_spec/XPS_ROACH_base/implementation/infrastructure_inst_wrapper.ngc 1285895867
D:/casper10_1/projects/radix4/r4_iadc_spec/XPS_ROACH_base/implementation/reset_block_inst_wrapper.ngc 1285895876
D:/casper10_1/projects/radix4/r4_iadc_spec/XPS_ROACH_base/implementation/opb0_wrapper.ngc 1285895891
D:/casper10_1/projects/radix4/r4_iadc_spec/XPS_ROACH_base/implementation/epb_opb_bridge_inst_wrapper.ngc 1285895901
D:/casper10_1/projects/radix4/r4_iadc_spec/XPS_ROACH_base/implementation/epb_infrastructure_inst_wrapper.ngc 1285895909
D:/casper10_1/projects/radix4/r4_iadc_spec/XPS_ROACH_base/implementation/sys_block_inst_wrapper.ngc 1285895919
D:/casper10_1/projects/radix4/r4_iadc_spec/XPS_ROACH_base/implementation/opb_adccontroller_0_wrapper.ngc 1285895935
D:/casper10_1/projects/radix4/r4_iadc_spec/XPS_ROACH_base/implementation/r4_iadc_spec_xsg_core_config_wrapper.ngc 1285896389
D:/casper10_1/projects/radix4/r4_iadc_spec/XPS_ROACH_base/implementation/r4_iadc_spec_acc_cnt_wrapper.ngc 1285896040
D:/casper10_1/projects/radix4/r4_iadc_spec/XPS_ROACH_base/implementation/r4_iadc_spec_acc_len_wrapper.ngc 1285896053
D:/casper10_1/projects/radix4/r4_iadc_spec/XPS_ROACH_base/implementation/r4_iadc_spec_adc_wrapper.ngc 1285896393
D:/casper10_1/projects/radix4/r4_iadc_spec/XPS_ROACH_base/implementation/r4_iadc_spec_cnt_rst_wrapper.ngc 1285896078
D:/casper10_1/projects/radix4/r4_iadc_spec/XPS_ROACH_base/implementation/r4_iadc_spec_led0_sync_wrapper.ngc 1285896087
D:/casper10_1/projects/radix4/r4_iadc_spec/XPS_ROACH_base/implementation/r4_iadc_spec_led1_new_acc_wrapper.ngc 1285896095
D:/casper10_1/projects/radix4/r4_iadc_spec/XPS_ROACH_base/implementation/r4_iadc_spec_snap_adc_addr_wrapper.ngc 1285896108
D:/casper10_1/projects/radix4/r4_iadc_spec/XPS_ROACH_base/implementation/r4_iadc_spec_snap_adc_bram_ramif_wrapper.ngc 1285896117
D:/casper10_1/projects/radix4/r4_iadc_spec/XPS_ROACH_base/implementation/r4_iadc_spec_snap_adc_bram_ramblk_wrapper.ngc 1285896126
D:/casper10_1/projects/radix4/r4_iadc_spec/XPS_ROACH_base/implementation/r4_iadc_spec_snap_adc_bram_wrapper.ngc 1285896136
D:/casper10_1/projects/radix4/r4_iadc_spec/XPS_ROACH_base/implementation/r4_iadc_spec_snap_adc_ctrl_wrapper.ngc 1285896149
D:/casper10_1/projects/radix4/r4_iadc_spec/XPS_ROACH_base/implementation/r4_iadc_spec_snap_vacc0_addr_wrapper.ngc 1285896162
D:/casper10_1/projects/radix4/r4_iadc_spec/XPS_ROACH_base/implementation/r4_iadc_spec_snap_vacc0_bram_ramif_wrapper.ngc 1285896171
D:/casper10_1/projects/radix4/r4_iadc_spec/XPS_ROACH_base/implementation/r4_iadc_spec_snap_vacc0_bram_ramblk_wrapper.ngc 1285896180
D:/casper10_1/projects/radix4/r4_iadc_spec/XPS_ROACH_base/implementation/r4_iadc_spec_snap_vacc0_bram_wrapper.ngc 1285896189
D:/casper10_1/projects/radix4/r4_iadc_spec/XPS_ROACH_base/implementation/r4_iadc_spec_snap_vacc0_ctrl_wrapper.ngc 1285896202
D:/casper10_1/projects/radix4/r4_iadc_spec/XPS_ROACH_base/implementation/r4_iadc_spec_snap_vacc1_addr_wrapper.ngc 1285896216
D:/casper10_1/projects/radix4/r4_iadc_spec/XPS_ROACH_base/implementation/r4_iadc_spec_snap_vacc1_bram_ramif_wrapper.ngc 1285896224
D:/casper10_1/projects/radix4/r4_iadc_spec/XPS_ROACH_base/implementation/r4_iadc_spec_snap_vacc1_bram_ramblk_wrapper.ngc 1285896233
D:/casper10_1/projects/radix4/r4_iadc_spec/XPS_ROACH_base/implementation/r4_iadc_spec_snap_vacc1_bram_wrapper.ngc 1285896243
D:/casper10_1/projects/radix4/r4_iadc_spec/XPS_ROACH_base/implementation/r4_iadc_spec_snap_vacc1_ctrl_wrapper.ngc 1285896255
D:/casper10_1/projects/radix4/r4_iadc_spec/XPS_ROACH_base/implementation/r4_iadc_spec_snap_vacc2_addr_wrapper.ngc 1285896271
D:/casper10_1/projects/radix4/r4_iadc_spec/XPS_ROACH_base/implementation/r4_iadc_spec_snap_vacc2_bram_ramif_wrapper.ngc 1285896282
D:/casper10_1/projects/radix4/r4_iadc_spec/XPS_ROACH_base/implementation/r4_iadc_spec_snap_vacc2_bram_ramblk_wrapper.ngc 1285896293
D:/casper10_1/projects/radix4/r4_iadc_spec/XPS_ROACH_base/implementation/r4_iadc_spec_snap_vacc2_bram_wrapper.ngc 1285896304
D:/casper10_1/projects/radix4/r4_iadc_spec/XPS_ROACH_base/implementation/r4_iadc_spec_snap_vacc2_ctrl_wrapper.ngc 1285896316
D:/casper10_1/projects/radix4/r4_iadc_spec/XPS_ROACH_base/implementation/r4_iadc_spec_snap_vacc3_addr_wrapper.ngc 1285896330
D:/casper10_1/projects/radix4/r4_iadc_spec/XPS_ROACH_base/implementation/r4_iadc_spec_snap_vacc3_bram_ramif_wrapper.ngc 1285896338
D:/casper10_1/projects/radix4/r4_iadc_spec/XPS_ROACH_base/implementation/r4_iadc_spec_snap_vacc3_bram_ramblk_wrapper.ngc 1285896347
D:/casper10_1/projects/radix4/r4_iadc_spec/XPS_ROACH_base/implementation/r4_iadc_spec_snap_vacc3_bram_wrapper.ngc 1285896357
D:/casper10_1/projects/radix4/r4_iadc_spec/XPS_ROACH_base/implementation/r4_iadc_spec_snap_vacc3_ctrl_wrapper.ngc 1285896370
D:/casper10_1/projects/radix4/r4_iadc_spec/XPS_ROACH_base/implementation/r4_iadc_spec_sync_cnt_wrapper.ngc 1285896383
OK
