D:\casper10_1\projects\radix4\r4_5g_specD5\XPS_ROACH_base\implementation\system.ngc 1283420502
D:/casper10_1/projects/radix4/r4_5g_specD5/XPS_ROACH_base/implementation/infrastructure_inst_wrapper.ngc 1283419856
D:/casper10_1/projects/radix4/r4_5g_specD5/XPS_ROACH_base/implementation/reset_block_inst_wrapper.ngc 1283419865
D:/casper10_1/projects/radix4/r4_5g_specD5/XPS_ROACH_base/implementation/opb0_wrapper.ngc 1283419880
D:/casper10_1/projects/radix4/r4_5g_specD5/XPS_ROACH_base/implementation/epb_opb_bridge_inst_wrapper.ngc 1283419890
D:/casper10_1/projects/radix4/r4_5g_specD5/XPS_ROACH_base/implementation/epb_infrastructure_inst_wrapper.ngc 1283419899
D:/casper10_1/projects/radix4/r4_5g_specD5/XPS_ROACH_base/implementation/sys_block_inst_wrapper.ngc 1283419908
D:/casper10_1/projects/radix4/r4_5g_specD5/XPS_ROACH_base/implementation/opb_adc5g_dmux_controller_0_wrapper.ngc 1283419924
D:/casper10_1/projects/radix4/r4_5g_specD5/XPS_ROACH_base/implementation/r4_5g_specd5_xsg_core_config_wrapper.ngc 1283420350
D:/casper10_1/projects/radix4/r4_5g_specD5/XPS_ROACH_base/implementation/r4_5g_specd5_acc_cnt_wrapper.ngc 1283420009
D:/casper10_1/projects/radix4/r4_5g_specD5/XPS_ROACH_base/implementation/r4_5g_specd5_acc_len_wrapper.ngc 1283420022
D:/casper10_1/projects/radix4/r4_5g_specD5/XPS_ROACH_base/implementation/r4_5g_specd5_adc_5g_dmux_wrapper.ngc 1283420353
D:/casper10_1/projects/radix4/r4_5g_specD5/XPS_ROACH_base/implementation/r4_5g_specd5_cnt_rst_wrapper.ngc 1283420046
D:/casper10_1/projects/radix4/r4_5g_specD5/XPS_ROACH_base/implementation/r4_5g_specd5_led0_sync_wrapper.ngc 1283420054
D:/casper10_1/projects/radix4/r4_5g_specD5/XPS_ROACH_base/implementation/r4_5g_specd5_led1_new_acc_wrapper.ngc 1283420063
D:/casper10_1/projects/radix4/r4_5g_specD5/XPS_ROACH_base/implementation/r4_5g_specd5_snap_adc_addr_wrapper.ngc 1283420076
D:/casper10_1/projects/radix4/r4_5g_specD5/XPS_ROACH_base/implementation/r4_5g_specd5_snap_adc_bram_ramif_wrapper.ngc 1283420085
D:/casper10_1/projects/radix4/r4_5g_specD5/XPS_ROACH_base/implementation/r4_5g_specd5_snap_adc_bram_ramblk_wrapper.ngc 1283420094
D:/casper10_1/projects/radix4/r4_5g_specD5/XPS_ROACH_base/implementation/r4_5g_specd5_snap_adc_bram_wrapper.ngc 1283420104
D:/casper10_1/projects/radix4/r4_5g_specD5/XPS_ROACH_base/implementation/r4_5g_specd5_snap_adc_ctrl_wrapper.ngc 1283420118
D:/casper10_1/projects/radix4/r4_5g_specD5/XPS_ROACH_base/implementation/r4_5g_specd5_snap_vacc0_addr_wrapper.ngc 1283420132
D:/casper10_1/projects/radix4/r4_5g_specD5/XPS_ROACH_base/implementation/r4_5g_specd5_snap_vacc0_bram_ramif_wrapper.ngc 1283420140
D:/casper10_1/projects/radix4/r4_5g_specD5/XPS_ROACH_base/implementation/r4_5g_specd5_snap_vacc0_bram_ramblk_wrapper.ngc 1283420149
D:/casper10_1/projects/radix4/r4_5g_specD5/XPS_ROACH_base/implementation/r4_5g_specd5_snap_vacc0_bram_wrapper.ngc 1283420159
D:/casper10_1/projects/radix4/r4_5g_specD5/XPS_ROACH_base/implementation/r4_5g_specd5_snap_vacc0_ctrl_wrapper.ngc 1283420172
D:/casper10_1/projects/radix4/r4_5g_specD5/XPS_ROACH_base/implementation/r4_5g_specd5_snap_vacc1_addr_wrapper.ngc 1283420185
D:/casper10_1/projects/radix4/r4_5g_specD5/XPS_ROACH_base/implementation/r4_5g_specd5_snap_vacc1_bram_ramif_wrapper.ngc 1283420193
D:/casper10_1/projects/radix4/r4_5g_specD5/XPS_ROACH_base/implementation/r4_5g_specd5_snap_vacc1_bram_ramblk_wrapper.ngc 1283420202
D:/casper10_1/projects/radix4/r4_5g_specD5/XPS_ROACH_base/implementation/r4_5g_specd5_snap_vacc1_bram_wrapper.ngc 1283420212
D:/casper10_1/projects/radix4/r4_5g_specD5/XPS_ROACH_base/implementation/r4_5g_specd5_snap_vacc1_ctrl_wrapper.ngc 1283420225
D:/casper10_1/projects/radix4/r4_5g_specD5/XPS_ROACH_base/implementation/r4_5g_specd5_snap_vacc2_addr_wrapper.ngc 1283420238
D:/casper10_1/projects/radix4/r4_5g_specD5/XPS_ROACH_base/implementation/r4_5g_specd5_snap_vacc2_bram_ramif_wrapper.ngc 1283420246
D:/casper10_1/projects/radix4/r4_5g_specD5/XPS_ROACH_base/implementation/r4_5g_specd5_snap_vacc2_bram_ramblk_wrapper.ngc 1283420255
D:/casper10_1/projects/radix4/r4_5g_specD5/XPS_ROACH_base/implementation/r4_5g_specd5_snap_vacc2_bram_wrapper.ngc 1283420265
D:/casper10_1/projects/radix4/r4_5g_specD5/XPS_ROACH_base/implementation/r4_5g_specd5_snap_vacc2_ctrl_wrapper.ngc 1283420278
D:/casper10_1/projects/radix4/r4_5g_specD5/XPS_ROACH_base/implementation/r4_5g_specd5_snap_vacc3_addr_wrapper.ngc 1283420291
D:/casper10_1/projects/radix4/r4_5g_specD5/XPS_ROACH_base/implementation/r4_5g_specd5_snap_vacc3_bram_ramif_wrapper.ngc 1283420299
D:/casper10_1/projects/radix4/r4_5g_specD5/XPS_ROACH_base/implementation/r4_5g_specd5_snap_vacc3_bram_ramblk_wrapper.ngc 1283420308
D:/casper10_1/projects/radix4/r4_5g_specD5/XPS_ROACH_base/implementation/r4_5g_specd5_snap_vacc3_bram_wrapper.ngc 1283420318
D:/casper10_1/projects/radix4/r4_5g_specD5/XPS_ROACH_base/implementation/r4_5g_specd5_snap_vacc3_ctrl_wrapper.ngc 1283420331
D:/casper10_1/projects/radix4/r4_5g_specD5/XPS_ROACH_base/implementation/r4_5g_specd5_sync_cnt_wrapper.ngc 1283420344
OK
