D:\casper10_1\projects\radix4\r4_5g_specV5\XPS_ROACH_base\implementation\system.ngc 1283331248
D:/casper10_1/projects/radix4/r4_5g_specV5/XPS_ROACH_base/implementation/infrastructure_inst_wrapper.ngc 1283330486
D:/casper10_1/projects/radix4/r4_5g_specV5/XPS_ROACH_base/implementation/reset_block_inst_wrapper.ngc 1283330495
D:/casper10_1/projects/radix4/r4_5g_specV5/XPS_ROACH_base/implementation/opb0_wrapper.ngc 1283330511
D:/casper10_1/projects/radix4/r4_5g_specV5/XPS_ROACH_base/implementation/epb_opb_bridge_inst_wrapper.ngc 1283330521
D:/casper10_1/projects/radix4/r4_5g_specV5/XPS_ROACH_base/implementation/epb_infrastructure_inst_wrapper.ngc 1283330529
D:/casper10_1/projects/radix4/r4_5g_specV5/XPS_ROACH_base/implementation/sys_block_inst_wrapper.ngc 1283330539
D:/casper10_1/projects/radix4/r4_5g_specV5/XPS_ROACH_base/implementation/opb_adc5gcontroller_0_wrapper.ngc 1283330555
D:/casper10_1/projects/radix4/r4_5g_specV5/XPS_ROACH_base/implementation/r4_5g_specv5_xsg_core_config_wrapper.ngc 1283331044
D:/casper10_1/projects/radix4/r4_5g_specV5/XPS_ROACH_base/implementation/r4_5g_specv5_acc_cnt_wrapper.ngc 1283330661
D:/casper10_1/projects/radix4/r4_5g_specV5/XPS_ROACH_base/implementation/r4_5g_specv5_acc_len_wrapper.ngc 1283330674
D:/casper10_1/projects/radix4/r4_5g_specV5/XPS_ROACH_base/implementation/r4_5g_specv5_adc_5g_wrapper.ngc 1283331047
D:/casper10_1/projects/radix4/r4_5g_specV5/XPS_ROACH_base/implementation/r4_5g_specv5_cnt_rst_wrapper.ngc 1283330698
D:/casper10_1/projects/radix4/r4_5g_specV5/XPS_ROACH_base/implementation/r4_5g_specv5_led0_sync_wrapper.ngc 1283330707
D:/casper10_1/projects/radix4/r4_5g_specV5/XPS_ROACH_base/implementation/r4_5g_specv5_led1_new_acc_wrapper.ngc 1283330716
D:/casper10_1/projects/radix4/r4_5g_specV5/XPS_ROACH_base/implementation/r4_5g_specv5_snap_adc_addr_wrapper.ngc 1283330729
D:/casper10_1/projects/radix4/r4_5g_specV5/XPS_ROACH_base/implementation/r4_5g_specv5_snap_adc_bram_lsb_ramif_wrapper.ngc 1283330737
D:/casper10_1/projects/radix4/r4_5g_specV5/XPS_ROACH_base/implementation/r4_5g_specv5_snap_adc_bram_lsb_ramblk_wrapper.ngc 1283330750
D:/casper10_1/projects/radix4/r4_5g_specV5/XPS_ROACH_base/implementation/r4_5g_specv5_snap_adc_bram_lsb_wrapper.ngc 1283330760
D:/casper10_1/projects/radix4/r4_5g_specV5/XPS_ROACH_base/implementation/r4_5g_specv5_snap_adc_bram_msb_ramif_wrapper.ngc 1283330769
D:/casper10_1/projects/radix4/r4_5g_specV5/XPS_ROACH_base/implementation/r4_5g_specv5_snap_adc_bram_msb_ramblk_wrapper.ngc 1283330782
D:/casper10_1/projects/radix4/r4_5g_specV5/XPS_ROACH_base/implementation/r4_5g_specv5_snap_adc_bram_msb_wrapper.ngc 1283330792
D:/casper10_1/projects/radix4/r4_5g_specV5/XPS_ROACH_base/implementation/r4_5g_specv5_snap_adc_ctrl_wrapper.ngc 1283330805
D:/casper10_1/projects/radix4/r4_5g_specV5/XPS_ROACH_base/implementation/r4_5g_specv5_snap_vacc0_addr_wrapper.ngc 1283330818
D:/casper10_1/projects/radix4/r4_5g_specV5/XPS_ROACH_base/implementation/r4_5g_specv5_snap_vacc0_bram_ramif_wrapper.ngc 1283330828
D:/casper10_1/projects/radix4/r4_5g_specV5/XPS_ROACH_base/implementation/r4_5g_specv5_snap_vacc0_bram_ramblk_wrapper.ngc 1283330838
D:/casper10_1/projects/radix4/r4_5g_specV5/XPS_ROACH_base/implementation/r4_5g_specv5_snap_vacc0_bram_wrapper.ngc 1283330849
D:/casper10_1/projects/radix4/r4_5g_specV5/XPS_ROACH_base/implementation/r4_5g_specv5_snap_vacc0_ctrl_wrapper.ngc 1283330862
D:/casper10_1/projects/radix4/r4_5g_specV5/XPS_ROACH_base/implementation/r4_5g_specv5_snap_vacc1_addr_wrapper.ngc 1283330875
D:/casper10_1/projects/radix4/r4_5g_specV5/XPS_ROACH_base/implementation/r4_5g_specv5_snap_vacc1_bram_ramif_wrapper.ngc 1283330884
D:/casper10_1/projects/radix4/r4_5g_specV5/XPS_ROACH_base/implementation/r4_5g_specv5_snap_vacc1_bram_ramblk_wrapper.ngc 1283330893
D:/casper10_1/projects/radix4/r4_5g_specV5/XPS_ROACH_base/implementation/r4_5g_specv5_snap_vacc1_bram_wrapper.ngc 1283330903
D:/casper10_1/projects/radix4/r4_5g_specV5/XPS_ROACH_base/implementation/r4_5g_specv5_snap_vacc1_ctrl_wrapper.ngc 1283330915
D:/casper10_1/projects/radix4/r4_5g_specV5/XPS_ROACH_base/implementation/r4_5g_specv5_snap_vacc2_addr_wrapper.ngc 1283330929
D:/casper10_1/projects/radix4/r4_5g_specV5/XPS_ROACH_base/implementation/r4_5g_specv5_snap_vacc2_bram_ramif_wrapper.ngc 1283330938
D:/casper10_1/projects/radix4/r4_5g_specV5/XPS_ROACH_base/implementation/r4_5g_specv5_snap_vacc2_bram_ramblk_wrapper.ngc 1283330947
D:/casper10_1/projects/radix4/r4_5g_specV5/XPS_ROACH_base/implementation/r4_5g_specv5_snap_vacc2_bram_wrapper.ngc 1283330956
D:/casper10_1/projects/radix4/r4_5g_specV5/XPS_ROACH_base/implementation/r4_5g_specv5_snap_vacc2_ctrl_wrapper.ngc 1283330969
D:/casper10_1/projects/radix4/r4_5g_specV5/XPS_ROACH_base/implementation/r4_5g_specv5_snap_vacc3_addr_wrapper.ngc 1283330983
D:/casper10_1/projects/radix4/r4_5g_specV5/XPS_ROACH_base/implementation/r4_5g_specv5_snap_vacc3_bram_ramif_wrapper.ngc 1283330992
D:/casper10_1/projects/radix4/r4_5g_specV5/XPS_ROACH_base/implementation/r4_5g_specv5_snap_vacc3_bram_ramblk_wrapper.ngc 1283331001
D:/casper10_1/projects/radix4/r4_5g_specV5/XPS_ROACH_base/implementation/r4_5g_specv5_snap_vacc3_bram_wrapper.ngc 1283331011
D:/casper10_1/projects/radix4/r4_5g_specV5/XPS_ROACH_base/implementation/r4_5g_specv5_snap_vacc3_ctrl_wrapper.ngc 1283331024
D:/casper10_1/projects/radix4/r4_5g_specV5/XPS_ROACH_base/implementation/r4_5g_specv5_sync_cnt_wrapper.ngc 1283331038
OK
