D:\casper10_1\projects\packetized_correlator\ibob\i_128w_2k_10_r310iadc\XPS_iBOB_base\implementation\system.ngc 1279597082
D:/casper10_1/projects/packetized_correlator/ibob/i_128w_2k_10_r310iadc/XPS_iBOB_base/implementation/reset_block_wrapper.ngc 1279596173
D:/casper10_1/projects/packetized_correlator/ibob/i_128w_2k_10_r310iadc/XPS_iBOB_base/implementation/dcm_0_wrapper.ngc 1279596178
D:/casper10_1/projects/packetized_correlator/ibob/i_128w_2k_10_r310iadc/XPS_iBOB_base/implementation/dcm_1_wrapper.ngc 1279596184
D:/casper10_1/projects/packetized_correlator/ibob/i_128w_2k_10_r310iadc/XPS_iBOB_base/implementation/dcm_2_wrapper.ngc 1279596189
D:/casper10_1/projects/packetized_correlator/ibob/i_128w_2k_10_r310iadc/XPS_iBOB_base/implementation/dcm_3_wrapper.ngc 1279596194
D:/casper10_1/projects/packetized_correlator/ibob/i_128w_2k_10_r310iadc/XPS_iBOB_base/implementation/ppc405_1_wrapper.ngc 1279596201
D:/casper10_1/projects/packetized_correlator/ibob/i_128w_2k_10_r310iadc/XPS_iBOB_base/implementation/jtagppc_0_wrapper.ngc 1279596206
D:/casper10_1/projects/packetized_correlator/ibob/i_128w_2k_10_r310iadc/XPS_iBOB_base/implementation/plb_bram_if_cntlr_1_bram_wrapper.ngc 1279596212
D:/casper10_1/projects/packetized_correlator/ibob/i_128w_2k_10_r310iadc/XPS_iBOB_base/implementation/plb_bram_if_cntlr_1_wrapper.ngc 1279596223
D:/casper10_1/projects/packetized_correlator/ibob/i_128w_2k_10_r310iadc/XPS_iBOB_base/implementation/plb2opb_bridge_0_wrapper.ngc 1279596237
D:/casper10_1/projects/packetized_correlator/ibob/i_128w_2k_10_r310iadc/XPS_iBOB_base/implementation/plb_wrapper.ngc 1279596248
D:/casper10_1/projects/packetized_correlator/ibob/i_128w_2k_10_r310iadc/XPS_iBOB_base/implementation/opb0_wrapper.ngc 1279596257
D:/casper10_1/projects/packetized_correlator/ibob/i_128w_2k_10_r310iadc/XPS_iBOB_base/implementation/diffclk_buf_0_wrapper.ngc 1279596262
D:/casper10_1/projects/packetized_correlator/ibob/i_128w_2k_10_r310iadc/XPS_iBOB_base/implementation/rs232_uart_1_wrapper.ngc 1279596269
D:/casper10_1/projects/packetized_correlator/ibob/i_128w_2k_10_r310iadc/XPS_iBOB_base/implementation/opb_clockcontroller_0_wrapper.ngc 1279596279
D:/casper10_1/projects/packetized_correlator/ibob/i_128w_2k_10_r310iadc/XPS_iBOB_base/implementation/ppc405_0_wrapper.ngc 1279596287
D:/casper10_1/projects/packetized_correlator/ibob/i_128w_2k_10_r310iadc/XPS_iBOB_base/implementation/diffclk_bref_clk_bottom_wrapper.ngc 1279596294
D:/casper10_1/projects/packetized_correlator/ibob/i_128w_2k_10_r310iadc/XPS_iBOB_base/implementation/opb_adccontroller_0_wrapper.ngc 1279596309
D:/casper10_1/projects/packetized_correlator/ibob/i_128w_2k_10_r310iadc/XPS_iBOB_base/implementation/i_128w_2k_10_r310iadc_xsg_core_config_wrapper.ngc 1279596597
D:/casper10_1/projects/packetized_correlator/ibob/i_128w_2k_10_r310iadc/XPS_iBOB_base/implementation/i_128w_2k_10_r310iadc_xaui0_wrapper.ngc 1279596604
D:/casper10_1/projects/packetized_correlator/ibob/i_128w_2k_10_r310iadc/XPS_iBOB_base/implementation/i_128w_2k_10_r310iadc_adc0_wrapper.ngc 1279596607
D:/casper10_1/projects/packetized_correlator/ibob/i_128w_2k_10_r310iadc/XPS_iBOB_base/implementation/i_128w_2k_10_r310iadc_adc1_wrapper.ngc 1279596610
D:/casper10_1/projects/packetized_correlator/ibob/i_128w_2k_10_r310iadc/XPS_iBOB_base/implementation/i_128w_2k_10_r310iadc_dbuf_ct_sram_fft_2x_sram_wrapper.ngc 1279596548
D:/casper10_1/projects/packetized_correlator/ibob/i_128w_2k_10_r310iadc/XPS_iBOB_base/implementation/i_128w_2k_10_r310iadc_dbuf_ct_sram_fft_2x_sram1_wrapper.ngc 1279596554
D:/casper10_1/projects/packetized_correlator/ibob/i_128w_2k_10_r310iadc/XPS_iBOB_base/implementation/i_128w_2k_10_r310iadc_gpio_wrapper.ngc 1279596559
D:/casper10_1/projects/packetized_correlator/ibob/i_128w_2k_10_r310iadc/XPS_iBOB_base/implementation/i_128w_2k_10_r310iadc_led1_arm_wrapper.ngc 1279596564
D:/casper10_1/projects/packetized_correlator/ibob/i_128w_2k_10_r310iadc/XPS_iBOB_base/implementation/i_128w_2k_10_r310iadc_led2_sync_wrapper.ngc 1279596570
D:/casper10_1/projects/packetized_correlator/ibob/i_128w_2k_10_r310iadc/XPS_iBOB_base/implementation/i_128w_2k_10_r310iadc_led4_eq_clip_wrapper.ngc 1279596575
D:/casper10_1/projects/packetized_correlator/ibob/i_128w_2k_10_r310iadc/XPS_iBOB_base/implementation/i_128w_2k_10_r310iadc_led5_adc_clip_wrapper.ngc 1279596580
D:/casper10_1/projects/packetized_correlator/ibob/i_128w_2k_10_r310iadc/XPS_iBOB_base/implementation/i_128w_2k_10_r310iadc_led6_link_dn_wrapper.ngc 1279596585
D:/casper10_1/projects/packetized_correlator/ibob/i_128w_2k_10_r310iadc/XPS_iBOB_base/implementation/i_128w_2k_10_r310iadc_led7_xaui_overlfow_wrapper.ngc 1279596591
OK
